// Jest Snapshot v1, https://goo.gl/fbAQLP

exports[`SumApp Render SumApp 1`] = `
<DocumentFragment>
  <div>
    <h1>
      Sum...
    </h1>
    <span
      id="sum"
    >
      0
    </span>
  </div>
</DocumentFragment>
`;
